[0.031s] Invoking command in '/home/her0/assignment_ws/src/robotics_software_engineer/build/module_3_assignment': CMAKE_PREFIX_PATH=/opt/ros/foxy /usr/bin/cmake --build /home/her0/assignment_ws/src/robotics_software_engineer/build/module_3_assignment -- -j12 -l12
[0.075s] Invoked command in '/home/her0/assignment_ws/src/robotics_software_engineer/build/module_3_assignment' returned '0': CMAKE_PREFIX_PATH=/opt/ros/foxy /usr/bin/cmake --build /home/her0/assignment_ws/src/robotics_software_engineer/build/module_3_assignment -- -j12 -l12
[0.088s] Invoking command in '/home/her0/assignment_ws/src/robotics_software_engineer/build/module_3_assignment': CMAKE_PREFIX_PATH=/opt/ros/foxy /usr/bin/cmake --install /home/her0/assignment_ws/src/robotics_software_engineer/build/module_3_assignment
[0.094s] -- Install configuration: ""
[0.094s] -- Up-to-date: /home/her0/assignment_ws/src/robotics_software_engineer/install/module_3_assignment/share/module_3_assignment/launch
[0.094s] -- Up-to-date: /home/her0/assignment_ws/src/robotics_software_engineer/install/module_3_assignment/share/module_3_assignment/launch/view_tf.launch copy.py
[0.094s] -- Up-to-date: /home/her0/assignment_ws/src/robotics_software_engineer/install/module_3_assignment/share/module_3_assignment/launch/view_tf.launch.py
[0.095s] -- Up-to-date: /home/her0/assignment_ws/src/robotics_software_engineer/install/module_3_assignment/share/module_3_assignment/launch/robot_lift_debug.launch.py
[0.096s] -- Up-to-date: /home/her0/assignment_ws/src/robotics_software_engineer/install/module_3_assignment/share/ament_index/resource_index/package_run_dependencies/module_3_assignment
[0.096s] -- Up-to-date: /home/her0/assignment_ws/src/robotics_software_engineer/install/module_3_assignment/share/ament_index/resource_index/parent_prefix_path/module_3_assignment
[0.097s] -- Up-to-date: /home/her0/assignment_ws/src/robotics_software_engineer/install/module_3_assignment/share/module_3_assignment/environment/ament_prefix_path.sh
[0.098s] -- Up-to-date: /home/her0/assignment_ws/src/robotics_software_engineer/install/module_3_assignment/share/module_3_assignment/environment/ament_prefix_path.dsv
[0.098s] -- Up-to-date: /home/her0/assignment_ws/src/robotics_software_engineer/install/module_3_assignment/share/module_3_assignment/environment/path.sh
[0.099s] -- Up-to-date: /home/her0/assignment_ws/src/robotics_software_engineer/install/module_3_assignment/share/module_3_assignment/environment/path.dsv
[0.099s] -- Up-to-date: /home/her0/assignment_ws/src/robotics_software_engineer/install/module_3_assignment/share/module_3_assignment/local_setup.bash
[0.099s] -- Up-to-date: /home/her0/assignment_ws/src/robotics_software_engineer/install/module_3_assignment/share/module_3_assignment/local_setup.sh
[0.100s] -- Up-to-date: /home/her0/assignment_ws/src/robotics_software_engineer/install/module_3_assignment/share/module_3_assignment/local_setup.zsh
[0.101s] -- Up-to-date: /home/her0/assignment_ws/src/robotics_software_engineer/install/module_3_assignment/share/module_3_assignment/local_setup.dsv
[0.102s] -- Installing: /home/her0/assignment_ws/src/robotics_software_engineer/install/module_3_assignment/share/module_3_assignment/package.dsv
[0.102s] -- Up-to-date: /home/her0/assignment_ws/src/robotics_software_engineer/install/module_3_assignment/share/ament_index/resource_index/packages/module_3_assignment
[0.102s] -- Up-to-date: /home/her0/assignment_ws/src/robotics_software_engineer/install/module_3_assignment/share/module_3_assignment/cmake/module_3_assignmentConfig.cmake
[0.102s] -- Up-to-date: /home/her0/assignment_ws/src/robotics_software_engineer/install/module_3_assignment/share/module_3_assignment/cmake/module_3_assignmentConfig-version.cmake
[0.102s] -- Up-to-date: /home/her0/assignment_ws/src/robotics_software_engineer/install/module_3_assignment/share/module_3_assignment/package.xml
[0.125s] Invoked command in '/home/her0/assignment_ws/src/robotics_software_engineer/build/module_3_assignment' returned '0': CMAKE_PREFIX_PATH=/opt/ros/foxy /usr/bin/cmake --install /home/her0/assignment_ws/src/robotics_software_engineer/build/module_3_assignment
