[0.032s] Invoking command in '/home/her0/assignment_ws/src/robotics_software_engineer/build/module_8_assignment': CMAKE_PREFIX_PATH=/opt/ros/foxy /usr/bin/cmake /home/her0/assignment_ws/src/robotics_software_engineer/module_8_assignment -DCMAKE_INSTALL_PREFIX=/home/her0/assignment_ws/src/robotics_software_engineer/install/module_8_assignment
[0.081s] -- The C compiler identification is GNU 9.4.0
[0.129s] -- The CXX compiler identification is GNU 9.4.0
[0.133s] -- Check for working C compiler: /usr/bin/cc
[0.184s] -- Check for working C compiler: /usr/bin/cc -- works
[0.184s] -- Detecting C compiler ABI info
[0.237s] -- Detecting C compiler ABI info - done
[0.249s] -- Detecting C compile features
[0.249s] -- Detecting C compile features - done
[0.252s] -- Check for working CXX compiler: /usr/bin/c++
[0.317s] -- Check for working CXX compiler: /usr/bin/c++ -- works
[0.318s] -- Detecting CXX compiler ABI info
[0.387s] -- Detecting CXX compiler ABI info - done
[0.406s] -- Detecting CXX compile features
[0.406s] -- Detecting CXX compile features - done
[0.409s] -- Found ament_cmake: 0.9.12 (/opt/ros/foxy/share/ament_cmake/cmake)
[0.434s] -- Found PythonInterp: /usr/bin/python3 (found suitable version "3.8.10", minimum required is "3") 
[0.434s] -- Using PYTHON_EXECUTABLE: /usr/bin/python3
[0.652s] -- Found ament_lint_auto: 0.9.8 (/opt/ros/foxy/share/ament_lint_auto/cmake)
[0.729s] -- Added test 'lint_cmake' to check CMake code style
[0.729s] -- Added test 'xmllint' to check XML markup files
[0.729s] -- Configuring done
[0.729s] -- Generating done
[0.729s] -- Build files have been written to: /home/her0/assignment_ws/src/robotics_software_engineer/build/module_8_assignment
[0.738s] Invoked command in '/home/her0/assignment_ws/src/robotics_software_engineer/build/module_8_assignment' returned '0': CMAKE_PREFIX_PATH=/opt/ros/foxy /usr/bin/cmake /home/her0/assignment_ws/src/robotics_software_engineer/module_8_assignment -DCMAKE_INSTALL_PREFIX=/home/her0/assignment_ws/src/robotics_software_engineer/install/module_8_assignment
[0.741s] Invoking command in '/home/her0/assignment_ws/src/robotics_software_engineer/build/module_8_assignment': CMAKE_PREFIX_PATH=/opt/ros/foxy /usr/bin/cmake --build /home/her0/assignment_ws/src/robotics_software_engineer/build/module_8_assignment -- -j12 -l12
[0.782s] Invoked command in '/home/her0/assignment_ws/src/robotics_software_engineer/build/module_8_assignment' returned '0': CMAKE_PREFIX_PATH=/opt/ros/foxy /usr/bin/cmake --build /home/her0/assignment_ws/src/robotics_software_engineer/build/module_8_assignment -- -j12 -l12
[0.785s] Invoking command in '/home/her0/assignment_ws/src/robotics_software_engineer/build/module_8_assignment': CMAKE_PREFIX_PATH=/opt/ros/foxy /usr/bin/cmake --install /home/her0/assignment_ws/src/robotics_software_engineer/build/module_8_assignment
[0.792s] -- Install configuration: ""
[0.795s] -- Installing: /home/her0/assignment_ws/src/robotics_software_engineer/install/module_8_assignment/share/ament_index/resource_index/package_run_dependencies/module_8_assignment
[0.796s] -- Installing: /home/her0/assignment_ws/src/robotics_software_engineer/install/module_8_assignment/share/ament_index/resource_index/parent_prefix_path/module_8_assignment
[0.797s] -- Installing: /home/her0/assignment_ws/src/robotics_software_engineer/install/module_8_assignment/share/module_8_assignment/environment/ament_prefix_path.sh
[0.797s] -- Installing: /home/her0/assignment_ws/src/robotics_software_engineer/install/module_8_assignment/share/module_8_assignment/environment/ament_prefix_path.dsv
[0.797s] -- Installing: /home/her0/assignment_ws/src/robotics_software_engineer/install/module_8_assignment/share/module_8_assignment/environment/path.sh
[0.797s] -- Installing: /home/her0/assignment_ws/src/robotics_software_engineer/install/module_8_assignment/share/module_8_assignment/environment/path.dsv
[0.797s] -- Installing: /home/her0/assignment_ws/src/robotics_software_engineer/install/module_8_assignment/share/module_8_assignment/local_setup.bash
[0.797s] -- Installing: /home/her0/assignment_ws/src/robotics_software_engineer/install/module_8_assignment/share/module_8_assignment/local_setup.sh
[0.797s] -- Installing: /home/her0/assignment_ws/src/robotics_software_engineer/install/module_8_assignment/share/module_8_assignment/local_setup.zsh
[0.797s] -- Installing: /home/her0/assignment_ws/src/robotics_software_engineer/install/module_8_assignment/share/module_8_assignment/local_setup.dsv
[0.797s] -- Installing: /home/her0/assignment_ws/src/robotics_software_engineer/install/module_8_assignment/share/module_8_assignment/package.dsv
[0.798s] -- Installing: /home/her0/assignment_ws/src/robotics_software_engineer/install/module_8_assignment/share/ament_index/resource_index/packages/module_8_assignment
[0.798s] -- Installing: /home/her0/assignment_ws/src/robotics_software_engineer/install/module_8_assignment/share/module_8_assignment/cmake/module_8_assignmentConfig.cmake
[0.798s] -- Installing: /home/her0/assignment_ws/src/robotics_software_engineer/install/module_8_assignment/share/module_8_assignment/cmake/module_8_assignmentConfig-version.cmake
[0.798s] -- Installing: /home/her0/assignment_ws/src/robotics_software_engineer/install/module_8_assignment/share/module_8_assignment/package.xml
[0.814s] Invoked command in '/home/her0/assignment_ws/src/robotics_software_engineer/build/module_8_assignment' returned '0': CMAKE_PREFIX_PATH=/opt/ros/foxy /usr/bin/cmake --install /home/her0/assignment_ws/src/robotics_software_engineer/build/module_8_assignment
