[0.031s] Invoking command in '/home/her0/assignment_ws/src/robotics_software_engineer/build/module_3_assignment': CMAKE_PREFIX_PATH=/opt/ros/foxy /usr/bin/cmake /home/her0/assignment_ws/src/robotics_software_engineer/module_3_assignment -DCMAKE_INSTALL_PREFIX=/home/her0/assignment_ws/src/robotics_software_engineer/install/module_3_assignment
[0.071s] -- The C compiler identification is GNU 9.4.0
[0.113s] -- The CXX compiler identification is GNU 9.4.0
[0.116s] -- Check for working C compiler: /usr/bin/cc
[0.168s] -- Check for working C compiler: /usr/bin/cc -- works
[0.169s] -- Detecting C compiler ABI info
[0.225s] -- Detecting C compiler ABI info - done
[0.236s] -- Detecting C compile features
[0.237s] -- Detecting C compile features - done
[0.239s] -- Check for working CXX compiler: /usr/bin/c++
[0.309s] -- Check for working CXX compiler: /usr/bin/c++ -- works
[0.315s] -- Detecting CXX compiler ABI info
[0.390s] -- Detecting CXX compiler ABI info - done
[0.403s] -- Detecting CXX compile features
[0.403s] -- Detecting CXX compile features - done
[0.403s] -- Found ament_cmake: 0.9.12 (/opt/ros/foxy/share/ament_cmake/cmake)
[0.426s] -- Found PythonInterp: /usr/bin/python3 (found suitable version "3.8.10", minimum required is "3") 
[0.428s] -- Using PYTHON_EXECUTABLE: /usr/bin/python3
[0.654s] -- Found ament_lint_auto: 0.9.8 (/opt/ros/foxy/share/ament_lint_auto/cmake)
[0.718s] -- Added test 'flake8' to check Python code syntax and style conventions
[0.718s] -- Added test 'lint_cmake' to check CMake code style
[0.737s] -- Added test 'pep257' to check Python code against some of the style conventions in PEP 257
[0.737s] -- Added test 'xmllint' to check XML markup files
[0.744s] -- Configuring done
[0.744s] -- Generating done
[0.744s] -- Build files have been written to: /home/her0/assignment_ws/src/robotics_software_engineer/build/module_3_assignment
[0.757s] Invoked command in '/home/her0/assignment_ws/src/robotics_software_engineer/build/module_3_assignment' returned '0': CMAKE_PREFIX_PATH=/opt/ros/foxy /usr/bin/cmake /home/her0/assignment_ws/src/robotics_software_engineer/module_3_assignment -DCMAKE_INSTALL_PREFIX=/home/her0/assignment_ws/src/robotics_software_engineer/install/module_3_assignment
[0.759s] Invoking command in '/home/her0/assignment_ws/src/robotics_software_engineer/build/module_3_assignment': CMAKE_PREFIX_PATH=/opt/ros/foxy /usr/bin/cmake --build /home/her0/assignment_ws/src/robotics_software_engineer/build/module_3_assignment -- -j12 -l12
[0.802s] Invoked command in '/home/her0/assignment_ws/src/robotics_software_engineer/build/module_3_assignment' returned '0': CMAKE_PREFIX_PATH=/opt/ros/foxy /usr/bin/cmake --build /home/her0/assignment_ws/src/robotics_software_engineer/build/module_3_assignment -- -j12 -l12
[0.804s] Invoking command in '/home/her0/assignment_ws/src/robotics_software_engineer/build/module_3_assignment': CMAKE_PREFIX_PATH=/opt/ros/foxy /usr/bin/cmake --install /home/her0/assignment_ws/src/robotics_software_engineer/build/module_3_assignment
[0.815s] -- Install configuration: ""
[0.815s] -- Installing: /home/her0/assignment_ws/src/robotics_software_engineer/install/module_3_assignment/share/module_3_assignment/launch
[0.815s] -- Installing: /home/her0/assignment_ws/src/robotics_software_engineer/install/module_3_assignment/share/module_3_assignment/launch/view_tf.launch copy.py
[0.815s] -- Installing: /home/her0/assignment_ws/src/robotics_software_engineer/install/module_3_assignment/share/module_3_assignment/launch/view_tf.launch.py
[0.816s] -- Installing: /home/her0/assignment_ws/src/robotics_software_engineer/install/module_3_assignment/share/module_3_assignment/launch/robot_lift_debug.launch.py
[0.816s] -- Installing: /home/her0/assignment_ws/src/robotics_software_engineer/install/module_3_assignment/share/ament_index/resource_index/package_run_dependencies/module_3_assignment
[0.816s] -- Installing: /home/her0/assignment_ws/src/robotics_software_engineer/install/module_3_assignment/share/ament_index/resource_index/parent_prefix_path/module_3_assignment
[0.816s] -- Installing: /home/her0/assignment_ws/src/robotics_software_engineer/install/module_3_assignment/share/module_3_assignment/environment/ament_prefix_path.sh
[0.816s] -- Installing: /home/her0/assignment_ws/src/robotics_software_engineer/install/module_3_assignment/share/module_3_assignment/environment/ament_prefix_path.dsv
[0.817s] -- Installing: /home/her0/assignment_ws/src/robotics_software_engineer/install/module_3_assignment/share/module_3_assignment/environment/path.sh
[0.817s] -- Installing: /home/her0/assignment_ws/src/robotics_software_engineer/install/module_3_assignment/share/module_3_assignment/environment/path.dsv
[0.817s] -- Installing: /home/her0/assignment_ws/src/robotics_software_engineer/install/module_3_assignment/share/module_3_assignment/local_setup.bash
[0.817s] -- Installing: /home/her0/assignment_ws/src/robotics_software_engineer/install/module_3_assignment/share/module_3_assignment/local_setup.sh
[0.817s] -- Installing: /home/her0/assignment_ws/src/robotics_software_engineer/install/module_3_assignment/share/module_3_assignment/local_setup.zsh
[0.817s] -- Installing: /home/her0/assignment_ws/src/robotics_software_engineer/install/module_3_assignment/share/module_3_assignment/local_setup.dsv
[0.817s] -- Installing: /home/her0/assignment_ws/src/robotics_software_engineer/install/module_3_assignment/share/module_3_assignment/package.dsv
[0.817s] -- Installing: /home/her0/assignment_ws/src/robotics_software_engineer/install/module_3_assignment/share/ament_index/resource_index/packages/module_3_assignment
[0.818s] -- Installing: /home/her0/assignment_ws/src/robotics_software_engineer/install/module_3_assignment/share/module_3_assignment/cmake/module_3_assignmentConfig.cmake
[0.818s] -- Installing: /home/her0/assignment_ws/src/robotics_software_engineer/install/module_3_assignment/share/module_3_assignment/cmake/module_3_assignmentConfig-version.cmake
[0.818s] -- Installing: /home/her0/assignment_ws/src/robotics_software_engineer/install/module_3_assignment/share/module_3_assignment/package.xml
[0.843s] Invoked command in '/home/her0/assignment_ws/src/robotics_software_engineer/build/module_3_assignment' returned '0': CMAKE_PREFIX_PATH=/opt/ros/foxy /usr/bin/cmake --install /home/her0/assignment_ws/src/robotics_software_engineer/build/module_3_assignment
