[ 50%] Built target mazeSolving
[100%] Built target lineFollowing
-- Install configuration: ""
-- Up-to-date: /home/her0/assignment_ws/src/robotics_software_engineer/install/robot_sensing_debug/lib/robot_sensing_debug/mazeSolving
-- Up-to-date: /home/her0/assignment_ws/src/robotics_software_engineer/install/robot_sensing_debug/lib/robot_sensing_debug/lineFollowing
-- Up-to-date: /home/her0/assignment_ws/src/robotics_software_engineer/install/robot_sensing_debug/share/robot_sensing_debug//launch
-- Up-to-date: /home/her0/assignment_ws/src/robotics_software_engineer/install/robot_sensing_debug/share/robot_sensing_debug//launch/custom_sensors.launch.py
-- Up-to-date: /home/her0/assignment_ws/src/robotics_software_engineer/install/robot_sensing_debug/share/robot_sensing_debug//launch/camera_line_following.launch.py
-- Up-to-date: /home/her0/assignment_ws/src/robotics_software_engineer/install/robot_sensing_debug/share/robot_sensing_debug//launch/lidar_maze_solving.launch.py
-- Up-to-date: /home/her0/assignment_ws/src/robotics_software_engineer/install/robot_sensing_debug/share/robot_sensing_debug//worlds
-- Up-to-date: /home/her0/assignment_ws/src/robotics_software_engineer/install/robot_sensing_debug/share/robot_sensing_debug//worlds/line_following.world
-- Up-to-date: /home/her0/assignment_ws/src/robotics_software_engineer/install/robot_sensing_debug/share/robot_sensing_debug//worlds/maze.world
-- Up-to-date: /home/her0/assignment_ws/src/robotics_software_engineer/install/robot_sensing_debug/share/robot_sensing_debug//urdf
-- Up-to-date: /home/her0/assignment_ws/src/robotics_software_engineer/install/robot_sensing_debug/share/robot_sensing_debug//urdf/diff_drive.urdf
-- Up-to-date: /home/her0/assignment_ws/src/robotics_software_engineer/install/robot_sensing_debug/share/ament_index/resource_index/package_run_dependencies/robot_sensing_debug
-- Up-to-date: /home/her0/assignment_ws/src/robotics_software_engineer/install/robot_sensing_debug/share/ament_index/resource_index/parent_prefix_path/robot_sensing_debug
-- Up-to-date: /home/her0/assignment_ws/src/robotics_software_engineer/install/robot_sensing_debug/share/robot_sensing_debug/environment/ament_prefix_path.sh
-- Up-to-date: /home/her0/assignment_ws/src/robotics_software_engineer/install/robot_sensing_debug/share/robot_sensing_debug/environment/ament_prefix_path.dsv
-- Up-to-date: /home/her0/assignment_ws/src/robotics_software_engineer/install/robot_sensing_debug/share/robot_sensing_debug/environment/path.sh
-- Up-to-date: /home/her0/assignment_ws/src/robotics_software_engineer/install/robot_sensing_debug/share/robot_sensing_debug/environment/path.dsv
-- Up-to-date: /home/her0/assignment_ws/src/robotics_software_engineer/install/robot_sensing_debug/share/robot_sensing_debug/local_setup.bash
-- Up-to-date: /home/her0/assignment_ws/src/robotics_software_engineer/install/robot_sensing_debug/share/robot_sensing_debug/local_setup.sh
-- Up-to-date: /home/her0/assignment_ws/src/robotics_software_engineer/install/robot_sensing_debug/share/robot_sensing_debug/local_setup.zsh
-- Up-to-date: /home/her0/assignment_ws/src/robotics_software_engineer/install/robot_sensing_debug/share/robot_sensing_debug/local_setup.dsv
-- Installing: /home/her0/assignment_ws/src/robotics_software_engineer/install/robot_sensing_debug/share/robot_sensing_debug/package.dsv
-- Up-to-date: /home/her0/assignment_ws/src/robotics_software_engineer/install/robot_sensing_debug/share/ament_index/resource_index/packages/robot_sensing_debug
-- Up-to-date: /home/her0/assignment_ws/src/robotics_software_engineer/install/robot_sensing_debug/share/robot_sensing_debug/cmake/robot_sensing_debugConfig.cmake
-- Up-to-date: /home/her0/assignment_ws/src/robotics_software_engineer/install/robot_sensing_debug/share/robot_sensing_debug/cmake/robot_sensing_debugConfig-version.cmake
-- Up-to-date: /home/her0/assignment_ws/src/robotics_software_engineer/install/robot_sensing_debug/share/robot_sensing_debug/package.xml
