[0.033s] Invoking command in '/home/her0/assignment_ws/src/robotics_software_engineer/build/robot_sensing_debug': CMAKE_PREFIX_PATH=/opt/ros/foxy /usr/bin/cmake /home/her0/assignment_ws/src/robotics_software_engineer/module_4_assessment/robot_sensing_debug -DCMAKE_INSTALL_PREFIX=/home/her0/assignment_ws/src/robotics_software_engineer/install/robot_sensing_debug
[0.608s] -- The C compiler identification is GNU 9.4.0
[0.609s] -- The CXX compiler identification is GNU 9.4.0
[0.609s] -- Check for working C compiler: /usr/bin/cc
[0.609s] -- Check for working C compiler: /usr/bin/cc -- works
[0.609s] -- Detecting C compiler ABI info
[0.609s] -- Detecting C compiler ABI info - done
[0.609s] -- Detecting C compile features
[0.609s] -- Detecting C compile features - done
[0.610s] -- Check for working CXX compiler: /usr/bin/c++
[0.610s] -- Check for working CXX compiler: /usr/bin/c++ -- works
[0.610s] -- Detecting CXX compiler ABI info
[0.610s] -- Detecting CXX compiler ABI info - done
[0.610s] -- Detecting CXX compile features
[0.611s] -- Detecting CXX compile features - done
[0.611s] -- Found ament_cmake: 0.9.12 (/opt/ros/foxy/share/ament_cmake/cmake)
[0.611s] -- Found PythonInterp: /usr/bin/python3 (found suitable version "3.8.10", minimum required is "3") 
[0.611s] -- Using PYTHON_EXECUTABLE: /usr/bin/python3
[0.657s] -- Found rclcpp: 2.4.3 (/opt/ros/foxy/share/rclcpp/cmake)
[0.712s] -- Using all available rosidl_typesupport_c: rosidl_typesupport_fastrtps_c;rosidl_typesupport_introspection_c
[0.727s] -- Found rosidl_adapter: 1.3.1 (/opt/ros/foxy/share/rosidl_adapter/cmake)
[0.812s] -- Found OpenSSL: /usr/lib/x86_64-linux-gnu/libcrypto.so (found version "1.1.1f")  
[0.843s] -- Found FastRTPS: /opt/ros/foxy/include  
[0.910s] -- Using all available rosidl_typesupport_cpp: rosidl_typesupport_fastrtps_cpp;rosidl_typesupport_introspection_cpp
[0.947s] -- Found rmw_implementation_cmake: 1.0.4 (/opt/ros/foxy/share/rmw_implementation_cmake/cmake)
[0.948s] -- Using RMW implementation 'rmw_fastrtps_cpp' as default
[0.949s] -- Looking for pthread.h
[0.991s] -- Looking for pthread.h - found
[0.992s] -- Performing Test CMAKE_HAVE_LIBC_PTHREAD
[1.034s] -- Performing Test CMAKE_HAVE_LIBC_PTHREAD - Failed
[1.034s] -- Looking for pthread_create in pthreads
[1.068s] -- Looking for pthread_create in pthreads - not found
[1.068s] -- Looking for pthread_create in pthread
[1.109s] -- Looking for pthread_create in pthread - found
[1.109s] -- Found Threads: TRUE  
[1.201s] -- Found sensor_msgs: 2.0.5 (/opt/ros/foxy/share/sensor_msgs/cmake)
[1.272s] -- Found cv_bridge: 3.0.7 (/opt/ros/foxy/share/cv_bridge/cmake)
[1.291s] -- Found OpenCV: /usr (found version "4.2.0") 
[1.333s] -- Configuring done
[1.346s] -- Generating done
[1.356s] -- Build files have been written to: /home/her0/assignment_ws/src/robotics_software_engineer/build/robot_sensing_debug
[1.362s] Invoked command in '/home/her0/assignment_ws/src/robotics_software_engineer/build/robot_sensing_debug' returned '0': CMAKE_PREFIX_PATH=/opt/ros/foxy /usr/bin/cmake /home/her0/assignment_ws/src/robotics_software_engineer/module_4_assessment/robot_sensing_debug -DCMAKE_INSTALL_PREFIX=/home/her0/assignment_ws/src/robotics_software_engineer/install/robot_sensing_debug
[1.364s] Invoking command in '/home/her0/assignment_ws/src/robotics_software_engineer/build/robot_sensing_debug': CMAKE_PREFIX_PATH=/opt/ros/foxy /usr/bin/cmake --build /home/her0/assignment_ws/src/robotics_software_engineer/build/robot_sensing_debug -- -j12 -l12
[1.391s] [35m[1mScanning dependencies of target lineFollowing[0m
[1.392s] [35m[1mScanning dependencies of target mazeSolving[0m
[1.427s] [ 25%] [32mBuilding CXX object CMakeFiles/mazeSolving.dir/src/maze_solving_with_lidar.cpp.o[0m
[1.428s] [ 50%] [32mBuilding CXX object CMakeFiles/lineFollowing.dir/src/line_following_with_camera.cpp.o[0m
[4.828s] [ 75%] [32m[1mLinking CXX executable mazeSolving[0m
[4.977s] [ 75%] Built target mazeSolving
[6.020s] [100%] [32m[1mLinking CXX executable lineFollowing[0m
[6.403s] [100%] Built target lineFollowing
[6.411s] Invoked command in '/home/her0/assignment_ws/src/robotics_software_engineer/build/robot_sensing_debug' returned '0': CMAKE_PREFIX_PATH=/opt/ros/foxy /usr/bin/cmake --build /home/her0/assignment_ws/src/robotics_software_engineer/build/robot_sensing_debug -- -j12 -l12
[6.412s] Invoking command in '/home/her0/assignment_ws/src/robotics_software_engineer/build/robot_sensing_debug': CMAKE_PREFIX_PATH=/opt/ros/foxy /usr/bin/cmake --install /home/her0/assignment_ws/src/robotics_software_engineer/build/robot_sensing_debug
[6.416s] -- Install configuration: ""
[6.416s] -- Installing: /home/her0/assignment_ws/src/robotics_software_engineer/install/robot_sensing_debug/lib/robot_sensing_debug/mazeSolving
[6.417s] -- Set runtime path of "/home/her0/assignment_ws/src/robotics_software_engineer/install/robot_sensing_debug/lib/robot_sensing_debug/mazeSolving" to ""
[6.417s] -- Installing: /home/her0/assignment_ws/src/robotics_software_engineer/install/robot_sensing_debug/lib/robot_sensing_debug/lineFollowing
[6.419s] -- Set runtime path of "/home/her0/assignment_ws/src/robotics_software_engineer/install/robot_sensing_debug/lib/robot_sensing_debug/lineFollowing" to ""
[6.419s] -- Installing: /home/her0/assignment_ws/src/robotics_software_engineer/install/robot_sensing_debug/share/robot_sensing_debug//launch
[6.419s] -- Installing: /home/her0/assignment_ws/src/robotics_software_engineer/install/robot_sensing_debug/share/robot_sensing_debug//launch/custom_sensors.launch.py
[6.419s] -- Installing: /home/her0/assignment_ws/src/robotics_software_engineer/install/robot_sensing_debug/share/robot_sensing_debug//launch/camera_line_following.launch.py
[6.419s] -- Installing: /home/her0/assignment_ws/src/robotics_software_engineer/install/robot_sensing_debug/share/robot_sensing_debug//launch/lidar_maze_solving.launch.py
[6.419s] -- Installing: /home/her0/assignment_ws/src/robotics_software_engineer/install/robot_sensing_debug/share/robot_sensing_debug//worlds
[6.419s] -- Installing: /home/her0/assignment_ws/src/robotics_software_engineer/install/robot_sensing_debug/share/robot_sensing_debug//worlds/line_following.world
[6.419s] -- Installing: /home/her0/assignment_ws/src/robotics_software_engineer/install/robot_sensing_debug/share/robot_sensing_debug//worlds/maze.world
[6.419s] -- Installing: /home/her0/assignment_ws/src/robotics_software_engineer/install/robot_sensing_debug/share/robot_sensing_debug//urdf
[6.419s] -- Installing: /home/her0/assignment_ws/src/robotics_software_engineer/install/robot_sensing_debug/share/robot_sensing_debug//urdf/diff_drive.urdf
[6.419s] -- Installing: /home/her0/assignment_ws/src/robotics_software_engineer/install/robot_sensing_debug/share/ament_index/resource_index/package_run_dependencies/robot_sensing_debug
[6.420s] -- Installing: /home/her0/assignment_ws/src/robotics_software_engineer/install/robot_sensing_debug/share/ament_index/resource_index/parent_prefix_path/robot_sensing_debug
[6.420s] -- Installing: /home/her0/assignment_ws/src/robotics_software_engineer/install/robot_sensing_debug/share/robot_sensing_debug/environment/ament_prefix_path.sh
[6.420s] -- Installing: /home/her0/assignment_ws/src/robotics_software_engineer/install/robot_sensing_debug/share/robot_sensing_debug/environment/ament_prefix_path.dsv
[6.420s] -- Installing: /home/her0/assignment_ws/src/robotics_software_engineer/install/robot_sensing_debug/share/robot_sensing_debug/environment/path.sh
[6.420s] -- Installing: /home/her0/assignment_ws/src/robotics_software_engineer/install/robot_sensing_debug/share/robot_sensing_debug/environment/path.dsv
[6.420s] -- Installing: /home/her0/assignment_ws/src/robotics_software_engineer/install/robot_sensing_debug/share/robot_sensing_debug/local_setup.bash
[6.420s] -- Installing: /home/her0/assignment_ws/src/robotics_software_engineer/install/robot_sensing_debug/share/robot_sensing_debug/local_setup.sh
[6.420s] -- Installing: /home/her0/assignment_ws/src/robotics_software_engineer/install/robot_sensing_debug/share/robot_sensing_debug/local_setup.zsh
[6.420s] -- Installing: /home/her0/assignment_ws/src/robotics_software_engineer/install/robot_sensing_debug/share/robot_sensing_debug/local_setup.dsv
[6.420s] -- Installing: /home/her0/assignment_ws/src/robotics_software_engineer/install/robot_sensing_debug/share/robot_sensing_debug/package.dsv
[6.420s] -- Installing: /home/her0/assignment_ws/src/robotics_software_engineer/install/robot_sensing_debug/share/ament_index/resource_index/packages/robot_sensing_debug
[6.420s] -- Installing: /home/her0/assignment_ws/src/robotics_software_engineer/install/robot_sensing_debug/share/robot_sensing_debug/cmake/robot_sensing_debugConfig.cmake
[6.421s] -- Installing: /home/her0/assignment_ws/src/robotics_software_engineer/install/robot_sensing_debug/share/robot_sensing_debug/cmake/robot_sensing_debugConfig-version.cmake
[6.421s] -- Installing: /home/her0/assignment_ws/src/robotics_software_engineer/install/robot_sensing_debug/share/robot_sensing_debug/package.xml
[6.422s] Invoked command in '/home/her0/assignment_ws/src/robotics_software_engineer/build/robot_sensing_debug' returned '0': CMAKE_PREFIX_PATH=/opt/ros/foxy /usr/bin/cmake --install /home/her0/assignment_ws/src/robotics_software_engineer/build/robot_sensing_debug
