-- The C compiler identification is GNU 9.4.0
-- The CXX compiler identification is GNU 9.4.0
-- Check for working C compiler: /usr/bin/cc
-- Check for working C compiler: /usr/bin/cc -- works
-- Detecting C compiler ABI info
-- Detecting C compiler ABI info - done
-- Detecting C compile features
-- Detecting C compile features - done
-- Check for working CXX compiler: /usr/bin/c++
-- Check for working CXX compiler: /usr/bin/c++ -- works
-- Detecting CXX compiler ABI info
-- Detecting CXX compiler ABI info - done
-- Detecting CXX compile features
-- Detecting CXX compile features - done
-- Found ament_cmake: 0.9.12 (/opt/ros/foxy/share/ament_cmake/cmake)
-- Found PythonInterp: /usr/bin/python3 (found suitable version "3.8.10", minimum required is "3") 
-- Using PYTHON_EXECUTABLE: /usr/bin/python3
-- Found rclcpp: 2.4.3 (/opt/ros/foxy/share/rclcpp/cmake)
-- Using all available rosidl_typesupport_c: rosidl_typesupport_fastrtps_c;rosidl_typesupport_introspection_c
-- Found rosidl_adapter: 1.3.1 (/opt/ros/foxy/share/rosidl_adapter/cmake)
-- Found OpenSSL: /usr/lib/x86_64-linux-gnu/libcrypto.so (found version "1.1.1f")  
-- Found FastRTPS: /opt/ros/foxy/include  
-- Using all available rosidl_typesupport_cpp: rosidl_typesupport_fastrtps_cpp;rosidl_typesupport_introspection_cpp
-- Found rmw_implementation_cmake: 1.0.4 (/opt/ros/foxy/share/rmw_implementation_cmake/cmake)
-- Using RMW implementation 'rmw_fastrtps_cpp' as default
-- Looking for pthread.h
-- Looking for pthread.h - found
-- Performing Test CMAKE_HAVE_LIBC_PTHREAD
-- Performing Test CMAKE_HAVE_LIBC_PTHREAD - Failed
-- Looking for pthread_create in pthreads
-- Looking for pthread_create in pthreads - not found
-- Looking for pthread_create in pthread
-- Looking for pthread_create in pthread - found
-- Found Threads: TRUE  
-- Found geometry_msgs: 2.0.5 (/opt/ros/foxy/share/geometry_msgs/cmake)
-- Found example_interfaces: 0.9.1 (/opt/ros/foxy/share/example_interfaces/cmake)
-- Configuring done
-- Generating done
-- Build files have been written to: /home/her0/assignment_ws/src/robotics_software_engineer/build/module_2_assignment
[35m[1mScanning dependencies of target led_publisher[0m
[35m[1mScanning dependencies of target task_3[0m
[35m[1mScanning dependencies of target task_1[0m
[35m[1mScanning dependencies of target led_subscriber[0m
[35m[1mScanning dependencies of target task_2[0m
[ 10%] [32mBuilding CXX object CMakeFiles/task_1.dir/src/task_1.cpp.o[0m
[ 20%] [32mBuilding CXX object CMakeFiles/task_3.dir/src/task_3.cpp.o[0m
[ 30%] [32mBuilding CXX object CMakeFiles/led_publisher.dir/src/led_publisher.cpp.o[0m
[ 50%] [32mBuilding CXX object CMakeFiles/task_2.dir/src/task_2.cpp.o[0m
[ 50%] [32mBuilding CXX object CMakeFiles/led_subscriber.dir/src/led_subscriber.cpp.o[0m
[ 60%] [32m[1mLinking CXX executable task_3[0m
[ 70%] [32m[1mLinking CXX executable led_publisher[0m
[ 70%] Built target task_3
[ 70%] Built target led_publisher
[ 80%] [32m[1mLinking CXX executable task_2[0m
[ 80%] Built target task_2
[ 90%] [32m[1mLinking CXX executable task_1[0m
[ 90%] Built target task_1
[100%] [32m[1mLinking CXX executable led_subscriber[0m
[100%] Built target led_subscriber
-- Install configuration: ""
-- Installing: /home/her0/assignment_ws/src/robotics_software_engineer/install/module_2_assignment/lib/module_2_assignment/task_1
-- Set runtime path of "/home/her0/assignment_ws/src/robotics_software_engineer/install/module_2_assignment/lib/module_2_assignment/task_1" to ""
-- Installing: /home/her0/assignment_ws/src/robotics_software_engineer/install/module_2_assignment/lib/module_2_assignment/task_2
-- Set runtime path of "/home/her0/assignment_ws/src/robotics_software_engineer/install/module_2_assignment/lib/module_2_assignment/task_2" to ""
-- Installing: /home/her0/assignment_ws/src/robotics_software_engineer/install/module_2_assignment/lib/module_2_assignment/task_3
-- Set runtime path of "/home/her0/assignment_ws/src/robotics_software_engineer/install/module_2_assignment/lib/module_2_assignment/task_3" to ""
-- Installing: /home/her0/assignment_ws/src/robotics_software_engineer/install/module_2_assignment/lib/module_2_assignment/led_publisher
-- Set runtime path of "/home/her0/assignment_ws/src/robotics_software_engineer/install/module_2_assignment/lib/module_2_assignment/led_publisher" to ""
-- Installing: /home/her0/assignment_ws/src/robotics_software_engineer/install/module_2_assignment/lib/module_2_assignment/led_subscriber
-- Set runtime path of "/home/her0/assignment_ws/src/robotics_software_engineer/install/module_2_assignment/lib/module_2_assignment/led_subscriber" to ""
-- Installing: /home/her0/assignment_ws/src/robotics_software_engineer/install/module_2_assignment/share/module_2_assignment/launch
-- Installing: /home/her0/assignment_ws/src/robotics_software_engineer/install/module_2_assignment/share/module_2_assignment/launch/led_control.launch.py
-- Installing: /home/her0/assignment_ws/src/robotics_software_engineer/install/module_2_assignment/share/module_2_assignment/launch/task_3.launch.py
-- Installing: /home/her0/assignment_ws/src/robotics_software_engineer/install/module_2_assignment/share/module_2_assignment/launch/task_2.launch.py
-- Installing: /home/her0/assignment_ws/src/robotics_software_engineer/install/module_2_assignment/share/ament_index/resource_index/package_run_dependencies/module_2_assignment
-- Installing: /home/her0/assignment_ws/src/robotics_software_engineer/install/module_2_assignment/share/ament_index/resource_index/parent_prefix_path/module_2_assignment
-- Installing: /home/her0/assignment_ws/src/robotics_software_engineer/install/module_2_assignment/share/module_2_assignment/environment/ament_prefix_path.sh
-- Installing: /home/her0/assignment_ws/src/robotics_software_engineer/install/module_2_assignment/share/module_2_assignment/environment/ament_prefix_path.dsv
-- Installing: /home/her0/assignment_ws/src/robotics_software_engineer/install/module_2_assignment/share/module_2_assignment/environment/path.sh
-- Installing: /home/her0/assignment_ws/src/robotics_software_engineer/install/module_2_assignment/share/module_2_assignment/environment/path.dsv
-- Installing: /home/her0/assignment_ws/src/robotics_software_engineer/install/module_2_assignment/share/module_2_assignment/local_setup.bash
-- Installing: /home/her0/assignment_ws/src/robotics_software_engineer/install/module_2_assignment/share/module_2_assignment/local_setup.sh
-- Installing: /home/her0/assignment_ws/src/robotics_software_engineer/install/module_2_assignment/share/module_2_assignment/local_setup.zsh
-- Installing: /home/her0/assignment_ws/src/robotics_software_engineer/install/module_2_assignment/share/module_2_assignment/local_setup.dsv
-- Installing: /home/her0/assignment_ws/src/robotics_software_engineer/install/module_2_assignment/share/module_2_assignment/package.dsv
-- Installing: /home/her0/assignment_ws/src/robotics_software_engineer/install/module_2_assignment/share/ament_index/resource_index/packages/module_2_assignment
-- Installing: /home/her0/assignment_ws/src/robotics_software_engineer/install/module_2_assignment/share/module_2_assignment/cmake/module_2_assignmentConfig.cmake
-- Installing: /home/her0/assignment_ws/src/robotics_software_engineer/install/module_2_assignment/share/module_2_assignment/cmake/module_2_assignmentConfig-version.cmake
-- Installing: /home/her0/assignment_ws/src/robotics_software_engineer/install/module_2_assignment/share/module_2_assignment/package.xml
