[0.031s] Invoking command in '/home/her0/assignment_ws/src/robotics_software_engineer/build/module_2_assignment': CMAKE_PREFIX_PATH=/opt/ros/foxy /usr/bin/cmake /home/her0/assignment_ws/src/robotics_software_engineer/module_2_assignment -DCMAKE_INSTALL_PREFIX=/home/her0/assignment_ws/src/robotics_software_engineer/install/module_2_assignment
[0.069s] -- The C compiler identification is GNU 9.4.0
[0.116s] -- The CXX compiler identification is GNU 9.4.0
[0.119s] -- Check for working C compiler: /usr/bin/cc
[0.183s] -- Check for working C compiler: /usr/bin/cc -- works
[0.184s] -- Detecting C compiler ABI info
[0.238s] -- Detecting C compiler ABI info - done
[0.248s] -- Detecting C compile features
[0.248s] -- Detecting C compile features - done
[0.250s] -- Check for working CXX compiler: /usr/bin/c++
[0.313s] -- Check for working CXX compiler: /usr/bin/c++ -- works
[0.314s] -- Detecting CXX compiler ABI info
[0.392s] -- Detecting CXX compiler ABI info - done
[0.397s] -- Detecting CXX compile features
[0.397s] -- Detecting CXX compile features - done
[0.399s] -- Found ament_cmake: 0.9.12 (/opt/ros/foxy/share/ament_cmake/cmake)
[0.423s] -- Found PythonInterp: /usr/bin/python3 (found suitable version "3.8.10", minimum required is "3") 
[0.423s] -- Using PYTHON_EXECUTABLE: /usr/bin/python3
[0.619s] -- Found rclcpp: 2.4.3 (/opt/ros/foxy/share/rclcpp/cmake)
[0.662s] -- Using all available rosidl_typesupport_c: rosidl_typesupport_fastrtps_c;rosidl_typesupport_introspection_c
[0.668s] -- Found rosidl_adapter: 1.3.1 (/opt/ros/foxy/share/rosidl_adapter/cmake)
[0.769s] -- Found OpenSSL: /usr/lib/x86_64-linux-gnu/libcrypto.so (found version "1.1.1f")  
[0.798s] -- Found FastRTPS: /opt/ros/foxy/include  
[0.865s] -- Using all available rosidl_typesupport_cpp: rosidl_typesupport_fastrtps_cpp;rosidl_typesupport_introspection_cpp
[0.928s] -- Found rmw_implementation_cmake: 1.0.4 (/opt/ros/foxy/share/rmw_implementation_cmake/cmake)
[0.930s] -- Using RMW implementation 'rmw_fastrtps_cpp' as default
[0.931s] -- Looking for pthread.h
[0.982s] -- Looking for pthread.h - found
[0.982s] -- Performing Test CMAKE_HAVE_LIBC_PTHREAD
[1.027s] -- Performing Test CMAKE_HAVE_LIBC_PTHREAD - Failed
[1.027s] -- Looking for pthread_create in pthreads
[1.060s] -- Looking for pthread_create in pthreads - not found
[1.061s] -- Looking for pthread_create in pthread
[1.100s] -- Looking for pthread_create in pthread - found
[1.101s] -- Found Threads: TRUE  
[1.192s] -- Found geometry_msgs: 2.0.5 (/opt/ros/foxy/share/geometry_msgs/cmake)
[1.214s] -- Found example_interfaces: 0.9.1 (/opt/ros/foxy/share/example_interfaces/cmake)
[1.319s] -- Configuring done
[1.330s] -- Generating done
[1.335s] -- Build files have been written to: /home/her0/assignment_ws/src/robotics_software_engineer/build/module_2_assignment
[1.341s] Invoked command in '/home/her0/assignment_ws/src/robotics_software_engineer/build/module_2_assignment' returned '0': CMAKE_PREFIX_PATH=/opt/ros/foxy /usr/bin/cmake /home/her0/assignment_ws/src/robotics_software_engineer/module_2_assignment -DCMAKE_INSTALL_PREFIX=/home/her0/assignment_ws/src/robotics_software_engineer/install/module_2_assignment
[1.342s] Invoking command in '/home/her0/assignment_ws/src/robotics_software_engineer/build/module_2_assignment': CMAKE_PREFIX_PATH=/opt/ros/foxy /usr/bin/cmake --build /home/her0/assignment_ws/src/robotics_software_engineer/build/module_2_assignment -- -j12 -l12
[1.365s] [35m[1mScanning dependencies of target led_publisher[0m
[1.365s] [35m[1mScanning dependencies of target task_3[0m
[1.365s] [35m[1mScanning dependencies of target task_1[0m
[1.368s] [35m[1mScanning dependencies of target led_subscriber[0m
[1.368s] [35m[1mScanning dependencies of target task_2[0m
[1.388s] [ 10%] [32mBuilding CXX object CMakeFiles/task_1.dir/src/task_1.cpp.o[0m
[1.389s] [ 20%] [32mBuilding CXX object CMakeFiles/task_3.dir/src/task_3.cpp.o[0m
[1.391s] [ 30%] [32mBuilding CXX object CMakeFiles/led_publisher.dir/src/led_publisher.cpp.o[0m
[1.401s] [ 50%] [32mBuilding CXX object CMakeFiles/task_2.dir/src/task_2.cpp.o[0m
[1.401s] [ 50%] [32mBuilding CXX object CMakeFiles/led_subscriber.dir/src/led_subscriber.cpp.o[0m
[3.409s] [ 60%] [32m[1mLinking CXX executable task_3[0m
[3.466s] [ 70%] [32m[1mLinking CXX executable led_publisher[0m
[3.519s] [ 70%] Built target task_3
[3.575s] [ 70%] Built target led_publisher
[3.787s] [ 80%] [32m[1mLinking CXX executable task_2[0m
[3.889s] [ 80%] Built target task_2
[4.171s] [ 90%] [32m[1mLinking CXX executable task_1[0m
[4.275s] [ 90%] Built target task_1
[5.252s] [100%] [32m[1mLinking CXX executable led_subscriber[0m
[5.379s] [100%] Built target led_subscriber
[5.386s] Invoked command in '/home/her0/assignment_ws/src/robotics_software_engineer/build/module_2_assignment' returned '0': CMAKE_PREFIX_PATH=/opt/ros/foxy /usr/bin/cmake --build /home/her0/assignment_ws/src/robotics_software_engineer/build/module_2_assignment -- -j12 -l12
[5.387s] Invoking command in '/home/her0/assignment_ws/src/robotics_software_engineer/build/module_2_assignment': CMAKE_PREFIX_PATH=/opt/ros/foxy /usr/bin/cmake --install /home/her0/assignment_ws/src/robotics_software_engineer/build/module_2_assignment
[5.393s] -- Install configuration: ""
[5.393s] -- Installing: /home/her0/assignment_ws/src/robotics_software_engineer/install/module_2_assignment/lib/module_2_assignment/task_1
[5.393s] -- Set runtime path of "/home/her0/assignment_ws/src/robotics_software_engineer/install/module_2_assignment/lib/module_2_assignment/task_1" to ""
[5.393s] -- Installing: /home/her0/assignment_ws/src/robotics_software_engineer/install/module_2_assignment/lib/module_2_assignment/task_2
[5.394s] -- Set runtime path of "/home/her0/assignment_ws/src/robotics_software_engineer/install/module_2_assignment/lib/module_2_assignment/task_2" to ""
[5.394s] -- Installing: /home/her0/assignment_ws/src/robotics_software_engineer/install/module_2_assignment/lib/module_2_assignment/task_3
[5.394s] -- Set runtime path of "/home/her0/assignment_ws/src/robotics_software_engineer/install/module_2_assignment/lib/module_2_assignment/task_3" to ""
[5.395s] -- Installing: /home/her0/assignment_ws/src/robotics_software_engineer/install/module_2_assignment/lib/module_2_assignment/led_publisher
[5.395s] -- Set runtime path of "/home/her0/assignment_ws/src/robotics_software_engineer/install/module_2_assignment/lib/module_2_assignment/led_publisher" to ""
[5.395s] -- Installing: /home/her0/assignment_ws/src/robotics_software_engineer/install/module_2_assignment/lib/module_2_assignment/led_subscriber
[5.396s] -- Set runtime path of "/home/her0/assignment_ws/src/robotics_software_engineer/install/module_2_assignment/lib/module_2_assignment/led_subscriber" to ""
[5.396s] -- Installing: /home/her0/assignment_ws/src/robotics_software_engineer/install/module_2_assignment/share/module_2_assignment/launch
[5.396s] -- Installing: /home/her0/assignment_ws/src/robotics_software_engineer/install/module_2_assignment/share/module_2_assignment/launch/led_control.launch.py
[5.396s] -- Installing: /home/her0/assignment_ws/src/robotics_software_engineer/install/module_2_assignment/share/module_2_assignment/launch/task_3.launch.py
[5.396s] -- Installing: /home/her0/assignment_ws/src/robotics_software_engineer/install/module_2_assignment/share/module_2_assignment/launch/task_2.launch.py
[5.396s] -- Installing: /home/her0/assignment_ws/src/robotics_software_engineer/install/module_2_assignment/share/ament_index/resource_index/package_run_dependencies/module_2_assignment
[5.396s] -- Installing: /home/her0/assignment_ws/src/robotics_software_engineer/install/module_2_assignment/share/ament_index/resource_index/parent_prefix_path/module_2_assignment
[5.397s] -- Installing: /home/her0/assignment_ws/src/robotics_software_engineer/install/module_2_assignment/share/module_2_assignment/environment/ament_prefix_path.sh
[5.397s] -- Installing: /home/her0/assignment_ws/src/robotics_software_engineer/install/module_2_assignment/share/module_2_assignment/environment/ament_prefix_path.dsv
[5.397s] -- Installing: /home/her0/assignment_ws/src/robotics_software_engineer/install/module_2_assignment/share/module_2_assignment/environment/path.sh
[5.397s] -- Installing: /home/her0/assignment_ws/src/robotics_software_engineer/install/module_2_assignment/share/module_2_assignment/environment/path.dsv
[5.397s] -- Installing: /home/her0/assignment_ws/src/robotics_software_engineer/install/module_2_assignment/share/module_2_assignment/local_setup.bash
[5.397s] -- Installing: /home/her0/assignment_ws/src/robotics_software_engineer/install/module_2_assignment/share/module_2_assignment/local_setup.sh
[5.397s] -- Installing: /home/her0/assignment_ws/src/robotics_software_engineer/install/module_2_assignment/share/module_2_assignment/local_setup.zsh
[5.397s] -- Installing: /home/her0/assignment_ws/src/robotics_software_engineer/install/module_2_assignment/share/module_2_assignment/local_setup.dsv
[5.397s] -- Installing: /home/her0/assignment_ws/src/robotics_software_engineer/install/module_2_assignment/share/module_2_assignment/package.dsv
[5.397s] -- Installing: /home/her0/assignment_ws/src/robotics_software_engineer/install/module_2_assignment/share/ament_index/resource_index/packages/module_2_assignment
[5.397s] -- Installing: /home/her0/assignment_ws/src/robotics_software_engineer/install/module_2_assignment/share/module_2_assignment/cmake/module_2_assignmentConfig.cmake
[5.397s] -- Installing: /home/her0/assignment_ws/src/robotics_software_engineer/install/module_2_assignment/share/module_2_assignment/cmake/module_2_assignmentConfig-version.cmake
[5.397s] -- Installing: /home/her0/assignment_ws/src/robotics_software_engineer/install/module_2_assignment/share/module_2_assignment/package.xml
[5.399s] Invoked command in '/home/her0/assignment_ws/src/robotics_software_engineer/build/module_2_assignment' returned '0': CMAKE_PREFIX_PATH=/opt/ros/foxy /usr/bin/cmake --install /home/her0/assignment_ws/src/robotics_software_engineer/build/module_2_assignment
