-- Install configuration: ""
-- Up-to-date: /home/her0/assignment_ws/src/robotics_software_engineer/install/module_3_assignment/share/module_3_assignment/launch
-- Up-to-date: /home/her0/assignment_ws/src/robotics_software_engineer/install/module_3_assignment/share/module_3_assignment/launch/view_tf.launch copy.py
-- Up-to-date: /home/her0/assignment_ws/src/robotics_software_engineer/install/module_3_assignment/share/module_3_assignment/launch/view_tf.launch.py
-- Up-to-date: /home/her0/assignment_ws/src/robotics_software_engineer/install/module_3_assignment/share/module_3_assignment/launch/robot_lift_debug.launch.py
-- Up-to-date: /home/her0/assignment_ws/src/robotics_software_engineer/install/module_3_assignment/share/ament_index/resource_index/package_run_dependencies/module_3_assignment
-- Up-to-date: /home/her0/assignment_ws/src/robotics_software_engineer/install/module_3_assignment/share/ament_index/resource_index/parent_prefix_path/module_3_assignment
-- Up-to-date: /home/her0/assignment_ws/src/robotics_software_engineer/install/module_3_assignment/share/module_3_assignment/environment/ament_prefix_path.sh
-- Up-to-date: /home/her0/assignment_ws/src/robotics_software_engineer/install/module_3_assignment/share/module_3_assignment/environment/ament_prefix_path.dsv
-- Up-to-date: /home/her0/assignment_ws/src/robotics_software_engineer/install/module_3_assignment/share/module_3_assignment/environment/path.sh
-- Up-to-date: /home/her0/assignment_ws/src/robotics_software_engineer/install/module_3_assignment/share/module_3_assignment/environment/path.dsv
-- Up-to-date: /home/her0/assignment_ws/src/robotics_software_engineer/install/module_3_assignment/share/module_3_assignment/local_setup.bash
-- Up-to-date: /home/her0/assignment_ws/src/robotics_software_engineer/install/module_3_assignment/share/module_3_assignment/local_setup.sh
-- Up-to-date: /home/her0/assignment_ws/src/robotics_software_engineer/install/module_3_assignment/share/module_3_assignment/local_setup.zsh
-- Up-to-date: /home/her0/assignment_ws/src/robotics_software_engineer/install/module_3_assignment/share/module_3_assignment/local_setup.dsv
-- Up-to-date: /home/her0/assignment_ws/src/robotics_software_engineer/install/module_3_assignment/share/module_3_assignment/package.dsv
-- Up-to-date: /home/her0/assignment_ws/src/robotics_software_engineer/install/module_3_assignment/share/ament_index/resource_index/packages/module_3_assignment
-- Up-to-date: /home/her0/assignment_ws/src/robotics_software_engineer/install/module_3_assignment/share/module_3_assignment/cmake/module_3_assignmentConfig.cmake
-- Up-to-date: /home/her0/assignment_ws/src/robotics_software_engineer/install/module_3_assignment/share/module_3_assignment/cmake/module_3_assignmentConfig-version.cmake
-- Up-to-date: /home/her0/assignment_ws/src/robotics_software_engineer/install/module_3_assignment/share/module_3_assignment/package.xml
