[0.035s] Invoking command in '/home/her0/assignment_ws/src/robotics_software_engineer/build/module_3_assignment': CMAKE_PREFIX_PATH=/opt/ros/foxy /usr/bin/cmake --build /home/her0/assignment_ws/src/robotics_software_engineer/build/module_3_assignment -- -j12 -l12
[0.085s] Invoked command in '/home/her0/assignment_ws/src/robotics_software_engineer/build/module_3_assignment' returned '0': CMAKE_PREFIX_PATH=/opt/ros/foxy /usr/bin/cmake --build /home/her0/assignment_ws/src/robotics_software_engineer/build/module_3_assignment -- -j12 -l12
[0.097s] Invoking command in '/home/her0/assignment_ws/src/robotics_software_engineer/build/module_3_assignment': CMAKE_PREFIX_PATH=/opt/ros/foxy /usr/bin/cmake --install /home/her0/assignment_ws/src/robotics_software_engineer/build/module_3_assignment
[0.103s] -- Install configuration: ""
[0.103s] -- Up-to-date: /home/her0/assignment_ws/src/robotics_software_engineer/install/module_3_assignment/share/module_3_assignment/launch
[0.103s] -- Up-to-date: /home/her0/assignment_ws/src/robotics_software_engineer/install/module_3_assignment/share/module_3_assignment/launch/view_tf.launch copy.py
[0.104s] -- Up-to-date: /home/her0/assignment_ws/src/robotics_software_engineer/install/module_3_assignment/share/module_3_assignment/launch/view_tf.launch.py
[0.104s] -- Up-to-date: /home/her0/assignment_ws/src/robotics_software_engineer/install/module_3_assignment/share/module_3_assignment/launch/robot_lift_debug.launch.py
[0.106s] -- Up-to-date: /home/her0/assignment_ws/src/robotics_software_engineer/install/module_3_assignment/share/ament_index/resource_index/package_run_dependencies/module_3_assignment
[0.106s] -- Up-to-date: /home/her0/assignment_ws/src/robotics_software_engineer/install/module_3_assignment/share/ament_index/resource_index/parent_prefix_path/module_3_assignment
[0.106s] -- Up-to-date: /home/her0/assignment_ws/src/robotics_software_engineer/install/module_3_assignment/share/module_3_assignment/environment/ament_prefix_path.sh
[0.107s] -- Up-to-date: /home/her0/assignment_ws/src/robotics_software_engineer/install/module_3_assignment/share/module_3_assignment/environment/ament_prefix_path.dsv
[0.107s] -- Up-to-date: /home/her0/assignment_ws/src/robotics_software_engineer/install/module_3_assignment/share/module_3_assignment/environment/path.sh
[0.107s] -- Up-to-date: /home/her0/assignment_ws/src/robotics_software_engineer/install/module_3_assignment/share/module_3_assignment/environment/path.dsv
[0.109s] -- Up-to-date: /home/her0/assignment_ws/src/robotics_software_engineer/install/module_3_assignment/share/module_3_assignment/local_setup.bash
[0.109s] -- Up-to-date: /home/her0/assignment_ws/src/robotics_software_engineer/install/module_3_assignment/share/module_3_assignment/local_setup.sh
[0.110s] -- Up-to-date: /home/her0/assignment_ws/src/robotics_software_engineer/install/module_3_assignment/share/module_3_assignment/local_setup.zsh
[0.111s] -- Up-to-date: /home/her0/assignment_ws/src/robotics_software_engineer/install/module_3_assignment/share/module_3_assignment/local_setup.dsv
[0.111s] -- Up-to-date: /home/her0/assignment_ws/src/robotics_software_engineer/install/module_3_assignment/share/module_3_assignment/package.dsv
[0.112s] -- Up-to-date: /home/her0/assignment_ws/src/robotics_software_engineer/install/module_3_assignment/share/ament_index/resource_index/packages/module_3_assignment
[0.112s] -- Up-to-date: /home/her0/assignment_ws/src/robotics_software_engineer/install/module_3_assignment/share/module_3_assignment/cmake/module_3_assignmentConfig.cmake
[0.113s] -- Up-to-date: /home/her0/assignment_ws/src/robotics_software_engineer/install/module_3_assignment/share/module_3_assignment/cmake/module_3_assignmentConfig-version.cmake
[0.114s] -- Up-to-date: /home/her0/assignment_ws/src/robotics_software_engineer/install/module_3_assignment/share/module_3_assignment/package.xml
[0.144s] Invoked command in '/home/her0/assignment_ws/src/robotics_software_engineer/build/module_3_assignment' returned '0': CMAKE_PREFIX_PATH=/opt/ros/foxy /usr/bin/cmake --install /home/her0/assignment_ws/src/robotics_software_engineer/build/module_3_assignment
