[ 25%] Built target task_1
[ 50%] Built target task_3.1
[ 75%] Built target task_3
[100%] Built target task_2
-- Install configuration: ""
-- Up-to-date: /home/her0/assignment_ws/src/robotics_software_engineer/install/module_1_assignment/lib/module_1_assignment/task_1
-- Up-to-date: /home/her0/assignment_ws/src/robotics_software_engineer/install/module_1_assignment/lib/module_1_assignment/task_2
-- Up-to-date: /home/her0/assignment_ws/src/robotics_software_engineer/install/module_1_assignment/lib/module_1_assignment/task_3
-- Up-to-date: /home/her0/assignment_ws/src/robotics_software_engineer/install/module_1_assignment/lib/module_1_assignment/task_3.1
-- Up-to-date: /home/her0/assignment_ws/src/robotics_software_engineer/install/module_1_assignment/share/ament_index/resource_index/package_run_dependencies/module_1_assignment
-- Up-to-date: /home/her0/assignment_ws/src/robotics_software_engineer/install/module_1_assignment/share/ament_index/resource_index/parent_prefix_path/module_1_assignment
-- Up-to-date: /home/her0/assignment_ws/src/robotics_software_engineer/install/module_1_assignment/share/module_1_assignment/environment/ament_prefix_path.sh
-- Up-to-date: /home/her0/assignment_ws/src/robotics_software_engineer/install/module_1_assignment/share/module_1_assignment/environment/ament_prefix_path.dsv
-- Up-to-date: /home/her0/assignment_ws/src/robotics_software_engineer/install/module_1_assignment/share/module_1_assignment/environment/path.sh
-- Up-to-date: /home/her0/assignment_ws/src/robotics_software_engineer/install/module_1_assignment/share/module_1_assignment/environment/path.dsv
-- Up-to-date: /home/her0/assignment_ws/src/robotics_software_engineer/install/module_1_assignment/share/module_1_assignment/local_setup.bash
-- Up-to-date: /home/her0/assignment_ws/src/robotics_software_engineer/install/module_1_assignment/share/module_1_assignment/local_setup.sh
-- Up-to-date: /home/her0/assignment_ws/src/robotics_software_engineer/install/module_1_assignment/share/module_1_assignment/local_setup.zsh
-- Up-to-date: /home/her0/assignment_ws/src/robotics_software_engineer/install/module_1_assignment/share/module_1_assignment/local_setup.dsv
-- Up-to-date: /home/her0/assignment_ws/src/robotics_software_engineer/install/module_1_assignment/share/module_1_assignment/package.dsv
-- Up-to-date: /home/her0/assignment_ws/src/robotics_software_engineer/install/module_1_assignment/share/ament_index/resource_index/packages/module_1_assignment
-- Up-to-date: /home/her0/assignment_ws/src/robotics_software_engineer/install/module_1_assignment/share/module_1_assignment/cmake/module_1_assignmentConfig.cmake
-- Up-to-date: /home/her0/assignment_ws/src/robotics_software_engineer/install/module_1_assignment/share/module_1_assignment/cmake/module_1_assignmentConfig-version.cmake
-- Up-to-date: /home/her0/assignment_ws/src/robotics_software_engineer/install/module_1_assignment/share/module_1_assignment/package.xml
