[0.035s] Invoking command in '/home/her0/assignment_ws/src/robotics_software_engineer/build/module_2_assignment': CMAKE_PREFIX_PATH=/opt/ros/foxy /usr/bin/cmake --build /home/her0/assignment_ws/src/robotics_software_engineer/build/module_2_assignment -- -j12 -l12
[0.093s] [ 20%] Built target led_publisher
[0.094s] [ 40%] Built target task_3
[0.095s] [ 60%] Built target task_1
[0.095s] [ 80%] Built target led_subscriber
[0.096s] [100%] Built target task_2
[0.137s] Invoked command in '/home/her0/assignment_ws/src/robotics_software_engineer/build/module_2_assignment' returned '0': CMAKE_PREFIX_PATH=/opt/ros/foxy /usr/bin/cmake --build /home/her0/assignment_ws/src/robotics_software_engineer/build/module_2_assignment -- -j12 -l12
[0.137s] Invoking command in '/home/her0/assignment_ws/src/robotics_software_engineer/build/module_2_assignment': CMAKE_PREFIX_PATH=/opt/ros/foxy /usr/bin/cmake --install /home/her0/assignment_ws/src/robotics_software_engineer/build/module_2_assignment
[0.155s] -- Install configuration: ""
[0.155s] -- Up-to-date: /home/her0/assignment_ws/src/robotics_software_engineer/install/module_2_assignment/lib/module_2_assignment/task_1
[0.155s] -- Up-to-date: /home/her0/assignment_ws/src/robotics_software_engineer/install/module_2_assignment/lib/module_2_assignment/task_2
[0.155s] -- Up-to-date: /home/her0/assignment_ws/src/robotics_software_engineer/install/module_2_assignment/lib/module_2_assignment/task_3
[0.155s] -- Up-to-date: /home/her0/assignment_ws/src/robotics_software_engineer/install/module_2_assignment/lib/module_2_assignment/led_publisher
[0.155s] -- Up-to-date: /home/her0/assignment_ws/src/robotics_software_engineer/install/module_2_assignment/lib/module_2_assignment/led_subscriber
[0.155s] -- Up-to-date: /home/her0/assignment_ws/src/robotics_software_engineer/install/module_2_assignment/share/module_2_assignment/launch
[0.156s] -- Up-to-date: /home/her0/assignment_ws/src/robotics_software_engineer/install/module_2_assignment/share/module_2_assignment/launch/led_control.launch.py
[0.156s] -- Up-to-date: /home/her0/assignment_ws/src/robotics_software_engineer/install/module_2_assignment/share/module_2_assignment/launch/task_3.launch.py
[0.156s] -- Up-to-date: /home/her0/assignment_ws/src/robotics_software_engineer/install/module_2_assignment/share/module_2_assignment/launch/task_2.launch.py
[0.156s] -- Up-to-date: /home/her0/assignment_ws/src/robotics_software_engineer/install/module_2_assignment/share/ament_index/resource_index/package_run_dependencies/module_2_assignment
[0.156s] -- Up-to-date: /home/her0/assignment_ws/src/robotics_software_engineer/install/module_2_assignment/share/ament_index/resource_index/parent_prefix_path/module_2_assignment
[0.157s] -- Up-to-date: /home/her0/assignment_ws/src/robotics_software_engineer/install/module_2_assignment/share/module_2_assignment/environment/ament_prefix_path.sh
[0.157s] -- Up-to-date: /home/her0/assignment_ws/src/robotics_software_engineer/install/module_2_assignment/share/module_2_assignment/environment/ament_prefix_path.dsv
[0.157s] -- Up-to-date: /home/her0/assignment_ws/src/robotics_software_engineer/install/module_2_assignment/share/module_2_assignment/environment/path.sh
[0.158s] -- Up-to-date: /home/her0/assignment_ws/src/robotics_software_engineer/install/module_2_assignment/share/module_2_assignment/environment/path.dsv
[0.158s] -- Up-to-date: /home/her0/assignment_ws/src/robotics_software_engineer/install/module_2_assignment/share/module_2_assignment/local_setup.bash
[0.158s] -- Up-to-date: /home/her0/assignment_ws/src/robotics_software_engineer/install/module_2_assignment/share/module_2_assignment/local_setup.sh
[0.158s] -- Up-to-date: /home/her0/assignment_ws/src/robotics_software_engineer/install/module_2_assignment/share/module_2_assignment/local_setup.zsh
[0.158s] -- Up-to-date: /home/her0/assignment_ws/src/robotics_software_engineer/install/module_2_assignment/share/module_2_assignment/local_setup.dsv
[0.159s] -- Installing: /home/her0/assignment_ws/src/robotics_software_engineer/install/module_2_assignment/share/module_2_assignment/package.dsv
[0.159s] -- Up-to-date: /home/her0/assignment_ws/src/robotics_software_engineer/install/module_2_assignment/share/ament_index/resource_index/packages/module_2_assignment
[0.159s] -- Up-to-date: /home/her0/assignment_ws/src/robotics_software_engineer/install/module_2_assignment/share/module_2_assignment/cmake/module_2_assignmentConfig.cmake
[0.160s] -- Up-to-date: /home/her0/assignment_ws/src/robotics_software_engineer/install/module_2_assignment/share/module_2_assignment/cmake/module_2_assignmentConfig-version.cmake
[0.160s] -- Up-to-date: /home/her0/assignment_ws/src/robotics_software_engineer/install/module_2_assignment/share/module_2_assignment/package.xml
[0.196s] Invoked command in '/home/her0/assignment_ws/src/robotics_software_engineer/build/module_2_assignment' returned '0': CMAKE_PREFIX_PATH=/opt/ros/foxy /usr/bin/cmake --install /home/her0/assignment_ws/src/robotics_software_engineer/build/module_2_assignment
