[0.034s] Invoking command in '/home/her0/assignment_ws/src/robotics_software_engineer/build/module_5_assignment': CMAKE_PREFIX_PATH=/opt/ros/foxy /usr/bin/cmake --build /home/her0/assignment_ws/src/robotics_software_engineer/build/module_5_assignment -- -j12 -l12
[0.087s] Invoked command in '/home/her0/assignment_ws/src/robotics_software_engineer/build/module_5_assignment' returned '0': CMAKE_PREFIX_PATH=/opt/ros/foxy /usr/bin/cmake --build /home/her0/assignment_ws/src/robotics_software_engineer/build/module_5_assignment -- -j12 -l12
[0.090s] Invoking command in '/home/her0/assignment_ws/src/robotics_software_engineer/build/module_5_assignment': CMAKE_PREFIX_PATH=/opt/ros/foxy /usr/bin/cmake --install /home/her0/assignment_ws/src/robotics_software_engineer/build/module_5_assignment
[0.095s] -- Install configuration: ""
[0.095s] -- Up-to-date: /home/her0/assignment_ws/src/robotics_software_engineer/install/module_5_assignment/share/ament_index/resource_index/package_run_dependencies/module_5_assignment
[0.095s] -- Up-to-date: /home/her0/assignment_ws/src/robotics_software_engineer/install/module_5_assignment/share/ament_index/resource_index/parent_prefix_path/module_5_assignment
[0.095s] -- Up-to-date: /home/her0/assignment_ws/src/robotics_software_engineer/install/module_5_assignment/share/module_5_assignment/environment/ament_prefix_path.sh
[0.095s] -- Up-to-date: /home/her0/assignment_ws/src/robotics_software_engineer/install/module_5_assignment/share/module_5_assignment/environment/ament_prefix_path.dsv
[0.096s] -- Up-to-date: /home/her0/assignment_ws/src/robotics_software_engineer/install/module_5_assignment/share/module_5_assignment/environment/path.sh
[0.096s] -- Up-to-date: /home/her0/assignment_ws/src/robotics_software_engineer/install/module_5_assignment/share/module_5_assignment/environment/path.dsv
[0.096s] -- Up-to-date: /home/her0/assignment_ws/src/robotics_software_engineer/install/module_5_assignment/share/module_5_assignment/local_setup.bash
[0.096s] -- Up-to-date: /home/her0/assignment_ws/src/robotics_software_engineer/install/module_5_assignment/share/module_5_assignment/local_setup.sh
[0.096s] -- Up-to-date: /home/her0/assignment_ws/src/robotics_software_engineer/install/module_5_assignment/share/module_5_assignment/local_setup.zsh
[0.096s] -- Up-to-date: /home/her0/assignment_ws/src/robotics_software_engineer/install/module_5_assignment/share/module_5_assignment/local_setup.dsv
[0.096s] -- Installing: /home/her0/assignment_ws/src/robotics_software_engineer/install/module_5_assignment/share/module_5_assignment/package.dsv
[0.098s] -- Up-to-date: /home/her0/assignment_ws/src/robotics_software_engineer/install/module_5_assignment/share/ament_index/resource_index/packages/module_5_assignment
[0.099s] -- Up-to-date: /home/her0/assignment_ws/src/robotics_software_engineer/install/module_5_assignment/share/module_5_assignment/cmake/module_5_assignmentConfig.cmake
[0.099s] -- Up-to-date: /home/her0/assignment_ws/src/robotics_software_engineer/install/module_5_assignment/share/module_5_assignment/cmake/module_5_assignmentConfig-version.cmake
[0.099s] -- Up-to-date: /home/her0/assignment_ws/src/robotics_software_engineer/install/module_5_assignment/share/module_5_assignment/package.xml
[0.144s] Invoked command in '/home/her0/assignment_ws/src/robotics_software_engineer/build/module_5_assignment' returned '0': CMAKE_PREFIX_PATH=/opt/ros/foxy /usr/bin/cmake --install /home/her0/assignment_ws/src/robotics_software_engineer/build/module_5_assignment
